// Jest Snapshot v1, https://goo.gl/fbAQLP

exports[`Card pour afficher un exo 1`] = `
<div
  className="MuiPaper-root MuiPaper-elevation MuiPaper-rounded MuiPaper-elevation1 MuiCard-root css-pwngrv-MuiPaper-root-MuiCard-root"
>
  <div
    className="MuiCardContent-root css-46bh2p-MuiCardContent-root"
  >
    <h5
      className="MuiTypography-root MuiTypography-h5 MuiTypography-gutterBottom css-h93ljk-MuiTypography-root"
    >
      <span
        className="MuiBox-root css-1ie7f9j"
      >
        •
      </span>
      La suite de vanErk
    </h5>
    <div
      id="1-Theme"
    >
      <span
        className="MuiBox-root css-1ie7f9j"
      >
        •
      </span>
      Themes:
      <ul>
        <li>
          suites
        </li>
        <li>
          fichiers
        </li>
        <li>
          mathématiques
        </li>
      </ul>
    </div>
    <p
      className="MuiTypography-root MuiTypography-body1 css-9eg9l8-MuiTypography-root"
    >
      <span
        className="MuiBox-root css-1ie7f9j"
      >
        •
      </span>
      langage: 
      c
    </p>
    <p
      className="MuiTypography-root MuiTypography-body2 css-e784if-MuiTypography-root"
    >
      <span
        className="MuiBox-root css-1ie7f9j"
      >
        •
      </span>
      difficulté: 
      8
    </p>
  </div>
  <div
    className="MuiCardActions-root MuiCardActions-spacing css-1t6e9jv-MuiCardActions-root"
  >
    <div
      className="MuiBox-root css-0"
      onClick={[Function]}
      onTouchEnd={[Function]}
    >
      <button
        className="MuiButton-root MuiButton-text MuiButton-textPrimary MuiButton-sizeMedium MuiButton-textSizeMedium MuiButtonBase-root  css-1e6y48t-MuiButtonBase-root-MuiButton-root"
        disabled={false}
        onBlur={[Function]}
        onClick={[Function]}
        onContextMenu={[Function]}
        onDragLeave={[Function]}
        onFocus={[Function]}
        onKeyDown={[Function]}
        onKeyUp={[Function]}
        onMouseDown={[Function]}
        onMouseLeave={[Function]}
        onMouseUp={[Function]}
        onTouchEnd={[Function]}
        onTouchMove={[Function]}
        onTouchStart={[Function]}
        tabIndex={0}
        type="button"
      >
        Afficher tous les champs
      </button>
    </div>
  </div>
</div>
`;
